========================================
